// Validating benchmarks:
// ***** BenchmarkRunner: Start   *****
// ***** Found 6 benchmark(s) in total *****
// ***** Building 1 exe(s) in Parallel: Start   *****
// start dotnet  restore --nodeReuse:false /p:UseSharedCompilation=false /p:Deterministic=true /p:Optimize=true /p:ArtifactsPath="/home/user/Varve/tests/Varve.Benchmarks/bin/Release/net10.0/Varve.Benchmarks-DefaultJob-1/" /p:OutDir="/home/user/Varve/tests/Varve.Benchmarks/bin/Release/net10.0/Varve.Benchmarks-DefaultJob-1/bin/Release/net10.0/" /p:OutputPath="/home/user/Varve/tests/Varve.Benchmarks/bin/Release/net10.0/Varve.Benchmarks-DefaultJob-1/bin/Release/net10.0/" /p:PublishDir="/home/user/Varve/tests/Varve.Benchmarks/bin/Release/net10.0/Varve.Benchmarks-DefaultJob-1/publish/" in /home/user/Varve/tests/Varve.Benchmarks/bin/Release/net10.0/Varve.Benchmarks-DefaultJob-1
// command took 4.31 sec and exited with 0
// start dotnet  build -c Release --no-restore --nodeReuse:false /p:UseSharedCompilation=false /p:Deterministic=true /p:Optimize=true /p:ArtifactsPath="/home/user/Varve/tests/Varve.Benchmarks/bin/Release/net10.0/Varve.Benchmarks-DefaultJob-1/" /p:OutDir="/home/user/Varve/tests/Varve.Benchmarks/bin/Release/net10.0/Varve.Benchmarks-DefaultJob-1/bin/Release/net10.0/" /p:OutputPath="/home/user/Varve/tests/Varve.Benchmarks/bin/Release/net10.0/Varve.Benchmarks-DefaultJob-1/bin/Release/net10.0/" /p:PublishDir="/home/user/Varve/tests/Varve.Benchmarks/bin/Release/net10.0/Varve.Benchmarks-DefaultJob-1/publish/" --output "/home/user/Varve/tests/Varve.Benchmarks/bin/Release/net10.0/Varve.Benchmarks-DefaultJob-1/bin/Release/net10.0/" in /home/user/Varve/tests/Varve.Benchmarks/bin/Release/net10.0/Varve.Benchmarks-DefaultJob-1
// command took 35.64 sec and exited with 0
// ***** Done, took 00:00:40 (40.04 sec)   *****
// Found 6 benchmarks:
//   SparqlBenchmarks.'Varve — 1.0 and 1.1 corpus': DefaultJob
//   SparqlBenchmarks.'dotNetRDF — 1.0 and 1.1 corpus': DefaultJob
//   SparqlBenchmarks.'Varve — 1.0 and 1.1 corpus, parse and write back': DefaultJob
//   SparqlBenchmarks.'Varve — 1.2 corpus': DefaultJob
//   SparqlBenchmarks.'Varve — large update': DefaultJob
//   SparqlBenchmarks.'dotNetRDF — large update': DefaultJob

// **************************
// Benchmark: SparqlBenchmarks.'Varve — 1.0 and 1.1 corpus': DefaultJob
// *** Execute ***
// Launch: 1 / 1
// Execute: dotnet Varve.Benchmarks-DefaultJob-1.dll --anonymousPipes 132 133 --benchmarkName Varve.Benchmarks.SparqlBenchmarks.Varve_Shared --job Default --benchmarkId 0 in /home/user/Varve/tests/Varve.Benchmarks/bin/Release/net10.0/Varve.Benchmarks-DefaultJob-1/bin/Release/net10.0
// BeforeAnythingElse

// Benchmark Process Environment Information:
// BenchmarkDotNet v0.15.8
// Runtime=.NET 10.0.12 (10.0.12, 10.0.1226.42308), X64 RyuJIT x86-64-v4
// GC=Concurrent Workstation
// HardwareIntrinsics=AVX512 F+BW+CD+DQ+VL,AVX2+BMI1+BMI2+F16C+FMA+LZCNT+MOVBE,AVX,SSE3+SSSE3+SSE4.1+SSE4.2+POPCNT,X86Base+SSE+SSE2,AES+PCLMUL VectorSize=256
// Job: DefaultJob

OverheadJitting  1: 1 op, 343912.00 ns, 343.9120 us/op
WorkloadJitting  1: 1 op, 59066167.00 ns, 59.0662 ms/op

WorkloadPilot    1: 2 op, 8202319.00 ns, 4.1012 ms/op
WorkloadPilot    2: 3 op, 12240010.00 ns, 4.0800 ms/op
WorkloadPilot    3: 4 op, 15983248.00 ns, 3.9958 ms/op
WorkloadPilot    4: 5 op, 19439356.00 ns, 3.8879 ms/op
WorkloadPilot    5: 6 op, 24477640.00 ns, 4.0796 ms/op
WorkloadPilot    6: 7 op, 29185002.00 ns, 4.1693 ms/op
WorkloadPilot    7: 8 op, 53600450.00 ns, 6.7001 ms/op
WorkloadPilot    8: 9 op, 58160118.00 ns, 6.4622 ms/op
WorkloadPilot    9: 10 op, 55102244.00 ns, 5.5102 ms/op
WorkloadPilot   10: 11 op, 61077456.00 ns, 5.5525 ms/op
WorkloadPilot   11: 12 op, 71641463.00 ns, 5.9701 ms/op
WorkloadPilot   12: 13 op, 76889221.00 ns, 5.9146 ms/op
WorkloadPilot   13: 14 op, 85197206.00 ns, 6.0855 ms/op
WorkloadPilot   14: 15 op, 86859391.00 ns, 5.7906 ms/op
WorkloadPilot   15: 16 op, 76980241.00 ns, 4.8113 ms/op
WorkloadPilot   16: 32 op, 91723668.00 ns, 2.8664 ms/op
WorkloadPilot   17: 64 op, 122952995.00 ns, 1.9211 ms/op
WorkloadPilot   18: 128 op, 171858984.00 ns, 1.3426 ms/op
WorkloadPilot   19: 256 op, 266390502.00 ns, 1.0406 ms/op
WorkloadPilot   20: 512 op, 391461338.00 ns, 764.5729 us/op
WorkloadPilot   21: 1024 op, 807002220.00 ns, 788.0881 us/op

WorkloadWarmup   1: 1024 op, 815111867.00 ns, 796.0077 us/op
WorkloadWarmup   2: 1024 op, 826174989.00 ns, 806.8115 us/op
WorkloadWarmup   3: 1024 op, 767909417.00 ns, 749.9115 us/op
WorkloadWarmup   4: 1024 op, 762119901.00 ns, 744.2577 us/op
WorkloadWarmup   5: 1024 op, 812980541.00 ns, 793.9263 us/op
WorkloadWarmup   6: 1024 op, 832509393.00 ns, 812.9975 us/op
WorkloadWarmup   7: 1024 op, 803308621.00 ns, 784.4811 us/op

// BeforeActualRun
WorkloadActual   1: 1024 op, 757637381.00 ns, 739.8803 us/op
WorkloadActual   2: 1024 op, 749776433.00 ns, 732.2035 us/op
WorkloadActual   3: 1024 op, 813450592.00 ns, 794.3853 us/op
WorkloadActual   4: 1024 op, 771743397.00 ns, 753.6557 us/op
WorkloadActual   5: 1024 op, 813898157.00 ns, 794.8224 us/op
WorkloadActual   6: 1024 op, 790713493.00 ns, 772.1811 us/op
WorkloadActual   7: 1024 op, 753673508.00 ns, 736.0093 us/op
WorkloadActual   8: 1024 op, 772830312.00 ns, 754.7171 us/op
WorkloadActual   9: 1024 op, 758919431.00 ns, 741.1323 us/op
WorkloadActual  10: 1024 op, 793430573.00 ns, 774.8345 us/op
WorkloadActual  11: 1024 op, 772055413.00 ns, 753.9604 us/op
WorkloadActual  12: 1024 op, 814763644.00 ns, 795.6676 us/op
WorkloadActual  13: 1024 op, 796691575.00 ns, 778.0191 us/op
WorkloadActual  14: 1024 op, 744952008.00 ns, 727.4922 us/op
WorkloadActual  15: 1024 op, 748622953.00 ns, 731.0771 us/op
WorkloadActual  16: 1024 op, 744749396.00 ns, 727.2943 us/op
WorkloadActual  17: 1024 op, 749834746.00 ns, 732.2605 us/op
WorkloadActual  18: 1024 op, 798160488.00 ns, 779.4536 us/op
WorkloadActual  19: 1024 op, 839044621.00 ns, 819.3795 us/op
WorkloadActual  20: 1024 op, 777134470.00 ns, 758.9204 us/op
WorkloadActual  21: 1024 op, 825782260.00 ns, 806.4280 us/op
WorkloadActual  22: 1024 op, 786606893.00 ns, 768.1708 us/op
WorkloadActual  23: 1024 op, 768994668.00 ns, 750.9714 us/op
WorkloadActual  24: 1024 op, 793659848.00 ns, 775.0584 us/op
WorkloadActual  25: 1024 op, 778522519.00 ns, 760.2759 us/op
WorkloadActual  26: 1024 op, 832241633.00 ns, 812.7360 us/op
WorkloadActual  27: 1024 op, 755615103.00 ns, 737.9054 us/op
WorkloadActual  28: 1024 op, 760468360.00 ns, 742.6449 us/op
WorkloadActual  29: 1024 op, 748438151.00 ns, 730.8966 us/op
WorkloadActual  30: 1024 op, 757299077.00 ns, 739.5499 us/op
WorkloadActual  31: 1024 op, 771351009.00 ns, 753.2725 us/op
WorkloadActual  32: 1024 op, 819987865.00 ns, 800.7694 us/op
WorkloadActual  33: 1024 op, 763756850.00 ns, 745.8563 us/op
WorkloadActual  34: 1024 op, 793498847.00 ns, 774.9012 us/op
WorkloadActual  35: 1024 op, 763426120.00 ns, 745.5333 us/op
WorkloadActual  36: 1024 op, 769591658.00 ns, 751.5544 us/op
WorkloadActual  37: 1024 op, 801030924.00 ns, 782.2568 us/op
WorkloadActual  38: 1024 op, 765044802.00 ns, 747.1141 us/op

// AfterActualRun
WorkloadResult   1: 1024 op, 757637381.00 ns, 739.8803 us/op
WorkloadResult   2: 1024 op, 749776433.00 ns, 732.2035 us/op
WorkloadResult   3: 1024 op, 813450592.00 ns, 794.3853 us/op
WorkloadResult   4: 1024 op, 771743397.00 ns, 753.6557 us/op
WorkloadResult   5: 1024 op, 813898157.00 ns, 794.8224 us/op
WorkloadResult   6: 1024 op, 790713493.00 ns, 772.1811 us/op
WorkloadResult   7: 1024 op, 753673508.00 ns, 736.0093 us/op
WorkloadResult   8: 1024 op, 772830312.00 ns, 754.7171 us/op
WorkloadResult   9: 1024 op, 758919431.00 ns, 741.1323 us/op
WorkloadResult  10: 1024 op, 793430573.00 ns, 774.8345 us/op
WorkloadResult  11: 1024 op, 772055413.00 ns, 753.9604 us/op
WorkloadResult  12: 1024 op, 814763644.00 ns, 795.6676 us/op
WorkloadResult  13: 1024 op, 796691575.00 ns, 778.0191 us/op
WorkloadResult  14: 1024 op, 744952008.00 ns, 727.4922 us/op
WorkloadResult  15: 1024 op, 748622953.00 ns, 731.0771 us/op
WorkloadResult  16: 1024 op, 744749396.00 ns, 727.2943 us/op
WorkloadResult  17: 1024 op, 749834746.00 ns, 732.2605 us/op
WorkloadResult  18: 1024 op, 798160488.00 ns, 779.4536 us/op
WorkloadResult  19: 1024 op, 839044621.00 ns, 819.3795 us/op
WorkloadResult  20: 1024 op, 777134470.00 ns, 758.9204 us/op
WorkloadResult  21: 1024 op, 825782260.00 ns, 806.4280 us/op
WorkloadResult  22: 1024 op, 786606893.00 ns, 768.1708 us/op
WorkloadResult  23: 1024 op, 768994668.00 ns, 750.9714 us/op
WorkloadResult  24: 1024 op, 793659848.00 ns, 775.0584 us/op
WorkloadResult  25: 1024 op, 778522519.00 ns, 760.2759 us/op
WorkloadResult  26: 1024 op, 832241633.00 ns, 812.7360 us/op
WorkloadResult  27: 1024 op, 755615103.00 ns, 737.9054 us/op
WorkloadResult  28: 1024 op, 760468360.00 ns, 742.6449 us/op
WorkloadResult  29: 1024 op, 748438151.00 ns, 730.8966 us/op
WorkloadResult  30: 1024 op, 757299077.00 ns, 739.5499 us/op
WorkloadResult  31: 1024 op, 771351009.00 ns, 753.2725 us/op
WorkloadResult  32: 1024 op, 819987865.00 ns, 800.7694 us/op
WorkloadResult  33: 1024 op, 763756850.00 ns, 745.8563 us/op
WorkloadResult  34: 1024 op, 793498847.00 ns, 774.9012 us/op
WorkloadResult  35: 1024 op, 763426120.00 ns, 745.5333 us/op
WorkloadResult  36: 1024 op, 769591658.00 ns, 751.5544 us/op
WorkloadResult  37: 1024 op, 801030924.00 ns, 782.2568 us/op
WorkloadResult  38: 1024 op, 765044802.00 ns, 747.1141 us/op
// GC:  18 0 0 318488624 1024
// Threading:  0 0 1024

// AfterAll
// Benchmark Process 26427 has exited with code 0.

Mean = 761.138 μs, StdErr = 4.183 μs (0.55%), N = 38, StdDev = 25.785 μs
Min = 727.294 μs, Q1 = 740.193 μs, Median = 753.808 μs, Q3 = 777.279 μs, Max = 819.380 μs
IQR = 37.086 μs, LowerFence = 684.565 μs, UpperFence = 832.907 μs
ConfidenceInterval = [746.190 μs; 776.086 μs] (CI 99.9%), Margin = 14.948 μs (1.96% of Mean)
Skewness = 0.58, Kurtosis = 2.2, MValue = 2

// ** Remained 5 (83.3 %) benchmark(s) to run. Estimated finish 2026-09-24 21:31 (0h 3m from now) **
// **************************
// Benchmark: SparqlBenchmarks.'dotNetRDF — 1.0 and 1.1 corpus': DefaultJob
// *** Execute ***
// Launch: 1 / 1
// Execute: dotnet Varve.Benchmarks-DefaultJob-1.dll --anonymousPipes 132 133 --benchmarkName Varve.Benchmarks.SparqlBenchmarks.DotNetRdf_Shared --job Default --benchmarkId 1 in /home/user/Varve/tests/Varve.Benchmarks/bin/Release/net10.0/Varve.Benchmarks-DefaultJob-1/bin/Release/net10.0
// BeforeAnythingElse

// Benchmark Process Environment Information:
// BenchmarkDotNet v0.15.8
// Runtime=.NET 10.0.12 (10.0.12, 10.0.1226.42308), X64 RyuJIT x86-64-v4
// GC=Concurrent Workstation
// HardwareIntrinsics=AVX512 F+BW+CD+DQ+VL,AVX2+BMI1+BMI2+F16C+FMA+LZCNT+MOVBE,AVX,SSE3+SSSE3+SSE4.1+SSE4.2+POPCNT,X86Base+SSE+SSE2,AES+PCLMUL VectorSize=256
// Job: DefaultJob

OverheadJitting  1: 1 op, 316857.00 ns, 316.8570 us/op
WorkloadJitting  1: 1 op, 27557547.00 ns, 27.5575 ms/op

OverheadJitting  2: 16 op, 608717.00 ns, 38.0448 us/op
WorkloadJitting  2: 16 op, 491160611.00 ns, 30.6975 ms/op

WorkloadPilot    1: 16 op, 390385605.00 ns, 24.3991 ms/op
WorkloadPilot    2: 32 op, 697236708.00 ns, 21.7886 ms/op

OverheadWarmup   1: 32 op, 5233.00 ns, 163.5313 ns/op
OverheadWarmup   2: 32 op, 1243.00 ns, 38.8438 ns/op
OverheadWarmup   3: 32 op, 880.00 ns, 27.5000 ns/op
OverheadWarmup   4: 32 op, 1008.00 ns, 31.5000 ns/op
OverheadWarmup   5: 32 op, 723.00 ns, 22.5938 ns/op
OverheadWarmup   6: 32 op, 680.00 ns, 21.2500 ns/op
OverheadWarmup   7: 32 op, 1031.00 ns, 32.2188 ns/op
OverheadWarmup   8: 32 op, 960.00 ns, 30.0000 ns/op

OverheadActual   1: 32 op, 817.00 ns, 25.5313 ns/op
OverheadActual   2: 32 op, 1697.00 ns, 53.0313 ns/op
OverheadActual   3: 32 op, 1362.00 ns, 42.5625 ns/op
OverheadActual   4: 32 op, 1022.00 ns, 31.9375 ns/op
OverheadActual   5: 32 op, 1118.00 ns, 34.9375 ns/op
OverheadActual   6: 32 op, 968.00 ns, 30.2500 ns/op
OverheadActual   7: 32 op, 924.00 ns, 28.8750 ns/op
OverheadActual   8: 32 op, 796.00 ns, 24.8750 ns/op
OverheadActual   9: 32 op, 864.00 ns, 27.0000 ns/op
OverheadActual  10: 32 op, 903.00 ns, 28.2188 ns/op
OverheadActual  11: 32 op, 837.00 ns, 26.1563 ns/op
OverheadActual  12: 32 op, 772.00 ns, 24.1250 ns/op
OverheadActual  13: 32 op, 874.00 ns, 27.3125 ns/op
OverheadActual  14: 32 op, 686.00 ns, 21.4375 ns/op
OverheadActual  15: 32 op, 706.00 ns, 22.0625 ns/op
OverheadActual  16: 32 op, 750.00 ns, 23.4375 ns/op
OverheadActual  17: 32 op, 993.00 ns, 31.0313 ns/op
OverheadActual  18: 32 op, 781.00 ns, 24.4063 ns/op
OverheadActual  19: 32 op, 649.00 ns, 20.2813 ns/op
OverheadActual  20: 32 op, 890.00 ns, 27.8125 ns/op

WorkloadWarmup   1: 32 op, 497896318.00 ns, 15.5593 ms/op
WorkloadWarmup   2: 32 op, 377179936.00 ns, 11.7869 ms/op
WorkloadWarmup   3: 32 op, 267182093.00 ns, 8.3494 ms/op
WorkloadWarmup   4: 32 op, 225268781.00 ns, 7.0396 ms/op
WorkloadWarmup   5: 32 op, 234845115.00 ns, 7.3389 ms/op
WorkloadWarmup   6: 32 op, 205759994.00 ns, 6.4300 ms/op
WorkloadWarmup   7: 32 op, 204767341.00 ns, 6.3990 ms/op
WorkloadWarmup   8: 32 op, 225882545.00 ns, 7.0588 ms/op
WorkloadWarmup   9: 32 op, 203129984.00 ns, 6.3478 ms/op

// BeforeActualRun
WorkloadActual   1: 32 op, 199110189.00 ns, 6.2222 ms/op
WorkloadActual   2: 32 op, 195364020.00 ns, 6.1051 ms/op
WorkloadActual   3: 32 op, 192959033.00 ns, 6.0300 ms/op
WorkloadActual   4: 32 op, 196262628.00 ns, 6.1332 ms/op
WorkloadActual   5: 32 op, 193550816.00 ns, 6.0485 ms/op
WorkloadActual   6: 32 op, 196235493.00 ns, 6.1324 ms/op
WorkloadActual   7: 32 op, 212762972.00 ns, 6.6488 ms/op
WorkloadActual   8: 32 op, 187501710.00 ns, 5.8594 ms/op
WorkloadActual   9: 32 op, 206258205.00 ns, 6.4456 ms/op
WorkloadActual  10: 32 op, 193188876.00 ns, 6.0372 ms/op
WorkloadActual  11: 32 op, 193795450.00 ns, 6.0561 ms/op
WorkloadActual  12: 32 op, 200517325.00 ns, 6.2662 ms/op
WorkloadActual  13: 32 op, 188030496.00 ns, 5.8760 ms/op
WorkloadActual  14: 32 op, 193369541.00 ns, 6.0428 ms/op
WorkloadActual  15: 32 op, 198832281.00 ns, 6.2135 ms/op
WorkloadActual  16: 32 op, 194918051.00 ns, 6.0912 ms/op
WorkloadActual  17: 32 op, 195376503.00 ns, 6.1055 ms/op
WorkloadActual  18: 32 op, 189618937.00 ns, 5.9256 ms/op
WorkloadActual  19: 32 op, 190705987.00 ns, 5.9596 ms/op

// AfterActualRun
WorkloadResult   1: 32 op, 199109320.00 ns, 6.2222 ms/op
WorkloadResult   2: 32 op, 195363151.00 ns, 6.1051 ms/op
WorkloadResult   3: 32 op, 192958164.00 ns, 6.0299 ms/op
WorkloadResult   4: 32 op, 196261759.00 ns, 6.1332 ms/op
WorkloadResult   5: 32 op, 193549947.00 ns, 6.0484 ms/op
WorkloadResult   6: 32 op, 196234624.00 ns, 6.1323 ms/op
WorkloadResult   7: 32 op, 187500841.00 ns, 5.8594 ms/op
WorkloadResult   8: 32 op, 193188007.00 ns, 6.0371 ms/op
WorkloadResult   9: 32 op, 193794581.00 ns, 6.0561 ms/op
WorkloadResult  10: 32 op, 200516456.00 ns, 6.2661 ms/op
WorkloadResult  11: 32 op, 188029627.00 ns, 5.8759 ms/op
WorkloadResult  12: 32 op, 193368672.00 ns, 6.0428 ms/op
WorkloadResult  13: 32 op, 198831412.00 ns, 6.2135 ms/op
WorkloadResult  14: 32 op, 194917182.00 ns, 6.0912 ms/op
WorkloadResult  15: 32 op, 195375634.00 ns, 6.1055 ms/op
WorkloadResult  16: 32 op, 189618068.00 ns, 5.9256 ms/op
WorkloadResult  17: 32 op, 190705118.00 ns, 5.9595 ms/op
// GC:  7 0 0 133221248 32
// Threading:  0 0 32

// AfterAll
// Benchmark Process 26459 has exited with code 0.

Mean = 6.065 ms, StdErr = 0.028 ms (0.46%), N = 17, StdDev = 0.115 ms
Min = 5.859 ms, Q1 = 6.030 ms, Median = 6.056 ms, Q3 = 6.132 ms, Max = 6.266 ms
IQR = 0.102 ms, LowerFence = 5.876 ms, UpperFence = 6.286 ms
ConfidenceInterval = [5.953 ms; 6.177 ms] (CI 99.9%), Margin = 0.112 ms (1.85% of Mean)
Skewness = -0.13, Kurtosis = 2.13, MValue = 2

// ** Remained 4 (66.7 %) benchmark(s) to run. Estimated finish 2026-09-24 21:29 (0h 1m from now) **
// **************************
// Benchmark: SparqlBenchmarks.'Varve — 1.0 and 1.1 corpus, parse and write back': DefaultJob
// *** Execute ***
// Launch: 1 / 1
// Execute: dotnet Varve.Benchmarks-DefaultJob-1.dll --anonymousPipes 132 133 --benchmarkName Varve.Benchmarks.SparqlBenchmarks.Varve_Shared_RoundTrip --job Default --benchmarkId 2 in /home/user/Varve/tests/Varve.Benchmarks/bin/Release/net10.0/Varve.Benchmarks-DefaultJob-1/bin/Release/net10.0
// BeforeAnythingElse

// Benchmark Process Environment Information:
// BenchmarkDotNet v0.15.8
// Runtime=.NET 10.0.12 (10.0.12, 10.0.1226.42308), X64 RyuJIT x86-64-v4
// GC=Concurrent Workstation
// HardwareIntrinsics=AVX512 F+BW+CD+DQ+VL,AVX2+BMI1+BMI2+F16C+FMA+LZCNT+MOVBE,AVX,SSE3+SSSE3+SSE4.1+SSE4.2+POPCNT,X86Base+SSE+SSE2,AES+PCLMUL VectorSize=256
// Job: DefaultJob

OverheadJitting  1: 1 op, 299331.00 ns, 299.3310 us/op
WorkloadJitting  1: 1 op, 74657827.00 ns, 74.6578 ms/op

WorkloadPilot    1: 2 op, 9871491.00 ns, 4.9357 ms/op
WorkloadPilot    2: 3 op, 16547745.00 ns, 5.5159 ms/op
WorkloadPilot    3: 4 op, 29921388.00 ns, 7.4803 ms/op
WorkloadPilot    4: 5 op, 36021316.00 ns, 7.2043 ms/op
WorkloadPilot    5: 6 op, 28560642.00 ns, 4.7601 ms/op
WorkloadPilot    6: 7 op, 32807691.00 ns, 4.6868 ms/op
WorkloadPilot    7: 8 op, 59116398.00 ns, 7.3895 ms/op
WorkloadPilot    8: 9 op, 64606192.00 ns, 7.1785 ms/op
WorkloadPilot    9: 10 op, 69580890.00 ns, 6.9581 ms/op
WorkloadPilot   10: 11 op, 77702171.00 ns, 7.0638 ms/op
WorkloadPilot   11: 12 op, 86549112.00 ns, 7.2124 ms/op
WorkloadPilot   12: 13 op, 88140786.00 ns, 6.7801 ms/op
WorkloadPilot   13: 14 op, 93343376.00 ns, 6.6674 ms/op
WorkloadPilot   14: 15 op, 94647966.00 ns, 6.3099 ms/op
WorkloadPilot   15: 16 op, 65758227.00 ns, 4.1099 ms/op
WorkloadPilot   16: 32 op, 102367083.00 ns, 3.1990 ms/op
WorkloadPilot   17: 64 op, 160250571.00 ns, 2.5039 ms/op
WorkloadPilot   18: 128 op, 201879391.00 ns, 1.5772 ms/op
WorkloadPilot   19: 256 op, 294883536.00 ns, 1.1519 ms/op
WorkloadPilot   20: 512 op, 433398666.00 ns, 846.4818 us/op
WorkloadPilot   21: 1024 op, 870718809.00 ns, 850.3113 us/op

WorkloadWarmup   1: 1024 op, 900285053.00 ns, 879.1846 us/op
WorkloadWarmup   2: 1024 op, 879674159.00 ns, 859.0568 us/op
WorkloadWarmup   3: 1024 op, 861713475.00 ns, 841.5171 us/op
WorkloadWarmup   4: 1024 op, 898182705.00 ns, 877.1315 us/op
WorkloadWarmup   5: 1024 op, 890921006.00 ns, 870.0400 us/op
WorkloadWarmup   6: 1024 op, 905880486.00 ns, 884.6489 us/op
WorkloadWarmup   7: 1024 op, 934180119.00 ns, 912.2853 us/op
WorkloadWarmup   8: 1024 op, 876457966.00 ns, 855.9160 us/op

// BeforeActualRun
WorkloadActual   1: 1024 op, 876235678.00 ns, 855.6989 us/op
WorkloadActual   2: 1024 op, 853519620.00 ns, 833.5153 us/op
WorkloadActual   3: 1024 op, 843087384.00 ns, 823.3275 us/op
WorkloadActual   4: 1024 op, 846227661.00 ns, 826.3942 us/op
WorkloadActual   5: 1024 op, 851907165.00 ns, 831.9406 us/op
WorkloadActual   6: 1024 op, 858034008.00 ns, 837.9238 us/op
WorkloadActual   7: 1024 op, 962904508.00 ns, 940.3364 us/op
WorkloadActual   8: 1024 op, 920052918.00 ns, 898.4892 us/op
WorkloadActual   9: 1024 op, 951884203.00 ns, 929.5744 us/op
WorkloadActual  10: 1024 op, 908185375.00 ns, 886.8998 us/op
WorkloadActual  11: 1024 op, 889612688.00 ns, 868.7624 us/op
WorkloadActual  12: 1024 op, 874005081.00 ns, 853.5206 us/op
WorkloadActual  13: 1024 op, 869084798.00 ns, 848.7156 us/op
WorkloadActual  14: 1024 op, 910777790.00 ns, 889.4314 us/op
WorkloadActual  15: 1024 op, 875345690.00 ns, 854.8298 us/op
WorkloadActual  16: 1024 op, 886345287.00 ns, 865.5716 us/op
WorkloadActual  17: 1024 op, 928270990.00 ns, 906.5146 us/op
WorkloadActual  18: 1024 op, 896360707.00 ns, 875.3523 us/op
WorkloadActual  19: 1024 op, 878217945.00 ns, 857.6347 us/op
WorkloadActual  20: 1024 op, 876857780.00 ns, 856.3064 us/op
WorkloadActual  21: 1024 op, 862150590.00 ns, 841.9439 us/op
WorkloadActual  22: 1024 op, 918202181.00 ns, 896.6818 us/op
WorkloadActual  23: 1024 op, 883534222.00 ns, 862.8264 us/op
WorkloadActual  24: 1024 op, 888800243.00 ns, 867.9690 us/op
WorkloadActual  25: 1024 op, 845974120.00 ns, 826.1466 us/op
WorkloadActual  26: 1024 op, 869902747.00 ns, 849.5144 us/op
WorkloadActual  27: 1024 op, 893427717.00 ns, 872.4880 us/op
WorkloadActual  28: 1024 op, 982408603.00 ns, 959.3834 us/op
WorkloadActual  29: 1024 op, 864967971.00 ns, 844.6953 us/op
WorkloadActual  30: 1024 op, 894099925.00 ns, 873.1445 us/op
WorkloadActual  31: 1024 op, 892522008.00 ns, 871.6035 us/op
WorkloadActual  32: 1024 op, 921789140.00 ns, 900.1847 us/op
WorkloadActual  33: 1024 op, 902568321.00 ns, 881.4144 us/op
WorkloadActual  34: 1024 op, 893900892.00 ns, 872.9501 us/op
WorkloadActual  35: 1024 op, 852899924.00 ns, 832.9101 us/op
WorkloadActual  36: 1024 op, 917079331.00 ns, 895.5853 us/op
WorkloadActual  37: 1024 op, 876882781.00 ns, 856.3308 us/op

// AfterActualRun
WorkloadResult   1: 1024 op, 876235678.00 ns, 855.6989 us/op
WorkloadResult   2: 1024 op, 853519620.00 ns, 833.5153 us/op
WorkloadResult   3: 1024 op, 843087384.00 ns, 823.3275 us/op
WorkloadResult   4: 1024 op, 846227661.00 ns, 826.3942 us/op
WorkloadResult   5: 1024 op, 851907165.00 ns, 831.9406 us/op
WorkloadResult   6: 1024 op, 858034008.00 ns, 837.9238 us/op
WorkloadResult   7: 1024 op, 962904508.00 ns, 940.3364 us/op
WorkloadResult   8: 1024 op, 920052918.00 ns, 898.4892 us/op
WorkloadResult   9: 1024 op, 951884203.00 ns, 929.5744 us/op
WorkloadResult  10: 1024 op, 908185375.00 ns, 886.8998 us/op
WorkloadResult  11: 1024 op, 889612688.00 ns, 868.7624 us/op
WorkloadResult  12: 1024 op, 874005081.00 ns, 853.5206 us/op
WorkloadResult  13: 1024 op, 869084798.00 ns, 848.7156 us/op
WorkloadResult  14: 1024 op, 910777790.00 ns, 889.4314 us/op
WorkloadResult  15: 1024 op, 875345690.00 ns, 854.8298 us/op
WorkloadResult  16: 1024 op, 886345287.00 ns, 865.5716 us/op
WorkloadResult  17: 1024 op, 928270990.00 ns, 906.5146 us/op
WorkloadResult  18: 1024 op, 896360707.00 ns, 875.3523 us/op
WorkloadResult  19: 1024 op, 878217945.00 ns, 857.6347 us/op
WorkloadResult  20: 1024 op, 876857780.00 ns, 856.3064 us/op
WorkloadResult  21: 1024 op, 862150590.00 ns, 841.9439 us/op
WorkloadResult  22: 1024 op, 918202181.00 ns, 896.6818 us/op
WorkloadResult  23: 1024 op, 883534222.00 ns, 862.8264 us/op
WorkloadResult  24: 1024 op, 888800243.00 ns, 867.9690 us/op
WorkloadResult  25: 1024 op, 845974120.00 ns, 826.1466 us/op
WorkloadResult  26: 1024 op, 869902747.00 ns, 849.5144 us/op
WorkloadResult  27: 1024 op, 893427717.00 ns, 872.4880 us/op
WorkloadResult  28: 1024 op, 864967971.00 ns, 844.6953 us/op
WorkloadResult  29: 1024 op, 894099925.00 ns, 873.1445 us/op
WorkloadResult  30: 1024 op, 892522008.00 ns, 871.6035 us/op
WorkloadResult  31: 1024 op, 921789140.00 ns, 900.1847 us/op
WorkloadResult  32: 1024 op, 902568321.00 ns, 881.4144 us/op
WorkloadResult  33: 1024 op, 893900892.00 ns, 872.9501 us/op
WorkloadResult  34: 1024 op, 852899924.00 ns, 832.9101 us/op
WorkloadResult  35: 1024 op, 917079331.00 ns, 895.5853 us/op
WorkloadResult  36: 1024 op, 876882781.00 ns, 856.3308 us/op
// GC:  18 0 0 318496768 1024
// Threading:  0 0 1024

// AfterAll
// Benchmark Process 26473 has exited with code 0.

Mean = 866.309 μs, StdErr = 4.720 μs (0.54%), N = 36, StdDev = 28.322 μs
Min = 823.328 μs, Q1 = 847.711 μs, Median = 864.199 μs, Q3 = 882.786 μs, Max = 940.336 μs
IQR = 35.075 μs, LowerFence = 795.098 μs, UpperFence = 935.399 μs
ConfidenceInterval = [849.357 μs; 883.261 μs] (CI 99.9%), Margin = 16.952 μs (1.96% of Mean)
Skewness = 0.6, Kurtosis = 2.89, MValue = 2

// ** Remained 3 (50.0 %) benchmark(s) to run. Estimated finish 2026-09-24 21:30 (0h 1m from now) **
// **************************
// Benchmark: SparqlBenchmarks.'Varve — 1.2 corpus': DefaultJob
// *** Execute ***
// Launch: 1 / 1
// Execute: dotnet Varve.Benchmarks-DefaultJob-1.dll --anonymousPipes 132 133 --benchmarkName Varve.Benchmarks.SparqlBenchmarks.Varve_Sparql12 --job Default --benchmarkId 3 in /home/user/Varve/tests/Varve.Benchmarks/bin/Release/net10.0/Varve.Benchmarks-DefaultJob-1/bin/Release/net10.0
// BeforeAnythingElse

// Benchmark Process Environment Information:
// BenchmarkDotNet v0.15.8
// Runtime=.NET 10.0.12 (10.0.12, 10.0.1226.42308), X64 RyuJIT x86-64-v4
// GC=Concurrent Workstation
// HardwareIntrinsics=AVX512 F+BW+CD+DQ+VL,AVX2+BMI1+BMI2+F16C+FMA+LZCNT+MOVBE,AVX,SSE3+SSSE3+SSE4.1+SSE4.2+POPCNT,X86Base+SSE+SSE2,AES+PCLMUL VectorSize=256
// Job: DefaultJob

OverheadJitting  1: 1 op, 322614.00 ns, 322.6140 us/op
WorkloadJitting  1: 1 op, 56876712.00 ns, 56.8767 ms/op

WorkloadPilot    1: 2 op, 6812201.00 ns, 3.4061 ms/op
WorkloadPilot    2: 3 op, 9529783.00 ns, 3.1766 ms/op
WorkloadPilot    3: 4 op, 11934339.00 ns, 2.9836 ms/op
WorkloadPilot    4: 5 op, 20545276.00 ns, 4.1091 ms/op
WorkloadPilot    5: 6 op, 20813378.00 ns, 3.4689 ms/op
WorkloadPilot    6: 7 op, 23728737.00 ns, 3.3898 ms/op
WorkloadPilot    7: 8 op, 25326283.00 ns, 3.1658 ms/op
WorkloadPilot    8: 9 op, 27544966.00 ns, 3.0606 ms/op
WorkloadPilot    9: 10 op, 42461942.00 ns, 4.2462 ms/op
WorkloadPilot   10: 11 op, 51053462.00 ns, 4.6412 ms/op
WorkloadPilot   11: 12 op, 64408263.00 ns, 5.3674 ms/op
WorkloadPilot   12: 13 op, 61493508.00 ns, 4.7303 ms/op
WorkloadPilot   13: 14 op, 66358244.00 ns, 4.7399 ms/op
WorkloadPilot   14: 15 op, 66035036.00 ns, 4.4023 ms/op
WorkloadPilot   15: 16 op, 70225794.00 ns, 4.3891 ms/op
WorkloadPilot   16: 32 op, 79518979.00 ns, 2.4850 ms/op
WorkloadPilot   17: 64 op, 98179190.00 ns, 1.5340 ms/op
WorkloadPilot   18: 128 op, 115828971.00 ns, 904.9138 us/op
WorkloadPilot   19: 256 op, 190811148.00 ns, 745.3560 us/op
WorkloadPilot   20: 512 op, 321050078.00 ns, 627.0509 us/op
WorkloadPilot   21: 1024 op, 602494572.00 ns, 588.3736 us/op

WorkloadWarmup   1: 1024 op, 617399949.00 ns, 602.9296 us/op
WorkloadWarmup   2: 1024 op, 585573151.00 ns, 571.8488 us/op
WorkloadWarmup   3: 1024 op, 585258899.00 ns, 571.5419 us/op
WorkloadWarmup   4: 1024 op, 579988469.00 ns, 566.3950 us/op
WorkloadWarmup   5: 1024 op, 566988798.00 ns, 553.7000 us/op
WorkloadWarmup   6: 1024 op, 569341287.00 ns, 555.9974 us/op
WorkloadWarmup   7: 1024 op, 566259039.00 ns, 552.9873 us/op
WorkloadWarmup   8: 1024 op, 568378335.00 ns, 555.0570 us/op
WorkloadWarmup   9: 1024 op, 586931816.00 ns, 573.1756 us/op
WorkloadWarmup  10: 1024 op, 627130588.00 ns, 612.4322 us/op
WorkloadWarmup  11: 1024 op, 616798171.00 ns, 602.3420 us/op

// BeforeActualRun
WorkloadActual   1: 1024 op, 595205207.00 ns, 581.2551 us/op
WorkloadActual   2: 1024 op, 613701866.00 ns, 599.3182 us/op
WorkloadActual   3: 1024 op, 604937334.00 ns, 590.7591 us/op
WorkloadActual   4: 1024 op, 614436683.00 ns, 600.0358 us/op
WorkloadActual   5: 1024 op, 603136524.00 ns, 589.0005 us/op
WorkloadActual   6: 1024 op, 584031678.00 ns, 570.3434 us/op
WorkloadActual   7: 1024 op, 576760549.00 ns, 563.2427 us/op
WorkloadActual   8: 1024 op, 582156097.00 ns, 568.5118 us/op
WorkloadActual   9: 1024 op, 579496910.00 ns, 565.9150 us/op
WorkloadActual  10: 1024 op, 582385068.00 ns, 568.7354 us/op
WorkloadActual  11: 1024 op, 577689683.00 ns, 564.1501 us/op
WorkloadActual  12: 1024 op, 630684948.00 ns, 615.9033 us/op
WorkloadActual  13: 1024 op, 578922164.00 ns, 565.3537 us/op
WorkloadActual  14: 1024 op, 569668826.00 ns, 556.3172 us/op
WorkloadActual  15: 1024 op, 614309043.00 ns, 599.9112 us/op
WorkloadActual  16: 1024 op, 581808008.00 ns, 568.1719 us/op
WorkloadActual  17: 1024 op, 582960160.00 ns, 569.2970 us/op
WorkloadActual  18: 1024 op, 588625798.00 ns, 574.8299 us/op
WorkloadActual  19: 1024 op, 645252958.00 ns, 630.1298 us/op
WorkloadActual  20: 1024 op, 578820759.00 ns, 565.2546 us/op
WorkloadActual  21: 1024 op, 578133488.00 ns, 564.5835 us/op
WorkloadActual  22: 1024 op, 644997174.00 ns, 629.8801 us/op
WorkloadActual  23: 1024 op, 611389641.00 ns, 597.0602 us/op
WorkloadActual  24: 1024 op, 589807928.00 ns, 575.9843 us/op
WorkloadActual  25: 1024 op, 589636806.00 ns, 575.8172 us/op
WorkloadActual  26: 1024 op, 602312797.00 ns, 588.1961 us/op
WorkloadActual  27: 1024 op, 591628041.00 ns, 577.7618 us/op
WorkloadActual  28: 1024 op, 574941348.00 ns, 561.4662 us/op
WorkloadActual  29: 1024 op, 589216923.00 ns, 575.4072 us/op

// AfterActualRun
WorkloadResult   1: 1024 op, 595205207.00 ns, 581.2551 us/op
WorkloadResult   2: 1024 op, 613701866.00 ns, 599.3182 us/op
WorkloadResult   3: 1024 op, 604937334.00 ns, 590.7591 us/op
WorkloadResult   4: 1024 op, 614436683.00 ns, 600.0358 us/op
WorkloadResult   5: 1024 op, 603136524.00 ns, 589.0005 us/op
WorkloadResult   6: 1024 op, 584031678.00 ns, 570.3434 us/op
WorkloadResult   7: 1024 op, 576760549.00 ns, 563.2427 us/op
WorkloadResult   8: 1024 op, 582156097.00 ns, 568.5118 us/op
WorkloadResult   9: 1024 op, 579496910.00 ns, 565.9150 us/op
WorkloadResult  10: 1024 op, 582385068.00 ns, 568.7354 us/op
WorkloadResult  11: 1024 op, 577689683.00 ns, 564.1501 us/op
WorkloadResult  12: 1024 op, 630684948.00 ns, 615.9033 us/op
WorkloadResult  13: 1024 op, 578922164.00 ns, 565.3537 us/op
WorkloadResult  14: 1024 op, 569668826.00 ns, 556.3172 us/op
WorkloadResult  15: 1024 op, 614309043.00 ns, 599.9112 us/op
WorkloadResult  16: 1024 op, 581808008.00 ns, 568.1719 us/op
WorkloadResult  17: 1024 op, 582960160.00 ns, 569.2970 us/op
WorkloadResult  18: 1024 op, 588625798.00 ns, 574.8299 us/op
WorkloadResult  19: 1024 op, 578820759.00 ns, 565.2546 us/op
WorkloadResult  20: 1024 op, 578133488.00 ns, 564.5835 us/op
WorkloadResult  21: 1024 op, 611389641.00 ns, 597.0602 us/op
WorkloadResult  22: 1024 op, 589807928.00 ns, 575.9843 us/op
WorkloadResult  23: 1024 op, 589636806.00 ns, 575.8172 us/op
WorkloadResult  24: 1024 op, 602312797.00 ns, 588.1961 us/op
WorkloadResult  25: 1024 op, 591628041.00 ns, 577.7618 us/op
WorkloadResult  26: 1024 op, 574941348.00 ns, 561.4662 us/op
WorkloadResult  27: 1024 op, 589216923.00 ns, 575.4072 us/op
// GC:  19 0 0 339304448 1024
// Threading:  0 0 1024

// AfterAll
// Benchmark Process 26503 has exited with code 0.

Mean = 577.503 μs, StdErr = 2.886 μs (0.50%), N = 27, StdDev = 14.995 μs
Min = 556.317 μs, Q1 = 565.634 μs, Median = 574.830 μs, Q3 = 588.598 μs, Max = 615.903 μs
IQR = 22.964 μs, LowerFence = 531.188 μs, UpperFence = 623.044 μs
ConfidenceInterval = [566.807 μs; 588.199 μs] (CI 99.9%), Margin = 10.696 μs (1.85% of Mean)
Skewness = 0.8, Kurtosis = 2.62, MValue = 2

// ** Remained 2 (33.3 %) benchmark(s) to run. Estimated finish 2026-09-24 21:30 (0h 0m from now) **
// **************************
// Benchmark: SparqlBenchmarks.'Varve — large update': DefaultJob
// *** Execute ***
// Launch: 1 / 1
// Execute: dotnet Varve.Benchmarks-DefaultJob-1.dll --anonymousPipes 132 133 --benchmarkName Varve.Benchmarks.SparqlBenchmarks.Varve_LargeUpdate --job Default --benchmarkId 4 in /home/user/Varve/tests/Varve.Benchmarks/bin/Release/net10.0/Varve.Benchmarks-DefaultJob-1/bin/Release/net10.0
// BeforeAnythingElse

// Benchmark Process Environment Information:
// BenchmarkDotNet v0.15.8
// Runtime=.NET 10.0.12 (10.0.12, 10.0.1226.42308), X64 RyuJIT x86-64-v4
// GC=Concurrent Workstation
// HardwareIntrinsics=AVX512 F+BW+CD+DQ+VL,AVX2+BMI1+BMI2+F16C+FMA+LZCNT+MOVBE,AVX,SSE3+SSSE3+SSE4.1+SSE4.2+POPCNT,X86Base+SSE+SSE2,AES+PCLMUL VectorSize=256
// Job: DefaultJob

OverheadJitting  1: 1 op, 249156.00 ns, 249.1560 us/op
WorkloadJitting  1: 1 op, 30421488.00 ns, 30.4215 ms/op

OverheadJitting  2: 16 op, 511357.00 ns, 31.9598 us/op
WorkloadJitting  2: 16 op, 111629134.00 ns, 6.9768 ms/op

WorkloadPilot    1: 16 op, 98376382.00 ns, 6.1485 ms/op
WorkloadPilot    2: 32 op, 244637735.00 ns, 7.6449 ms/op
WorkloadPilot    3: 64 op, 126790126.00 ns, 1.9811 ms/op
WorkloadPilot    4: 128 op, 142697289.00 ns, 1.1148 ms/op
WorkloadPilot    5: 256 op, 259617165.00 ns, 1.0141 ms/op
WorkloadPilot    6: 512 op, 482417256.00 ns, 942.2212 us/op
WorkloadPilot    7: 1024 op, 1051836953.00 ns, 1.0272 ms/op

OverheadWarmup   1: 1024 op, 5701.00 ns, 5.5674 ns/op
OverheadWarmup   2: 1024 op, 3406.00 ns, 3.3262 ns/op
OverheadWarmup   3: 1024 op, 3424.00 ns, 3.3438 ns/op
OverheadWarmup   4: 1024 op, 3498.00 ns, 3.4160 ns/op
OverheadWarmup   5: 1024 op, 3441.00 ns, 3.3604 ns/op
OverheadWarmup   6: 1024 op, 3385.00 ns, 3.3057 ns/op
OverheadWarmup   7: 1024 op, 3385.00 ns, 3.3057 ns/op
OverheadWarmup   8: 1024 op, 3305.00 ns, 3.2275 ns/op

OverheadActual   1: 1024 op, 3782.00 ns, 3.6934 ns/op
OverheadActual   2: 1024 op, 5243.00 ns, 5.1201 ns/op
OverheadActual   3: 1024 op, 3951.00 ns, 3.8584 ns/op
OverheadActual   4: 1024 op, 3609.00 ns, 3.5244 ns/op
OverheadActual   5: 1024 op, 3588.00 ns, 3.5039 ns/op
OverheadActual   6: 1024 op, 3964.00 ns, 3.8711 ns/op
OverheadActual   7: 1024 op, 3683.00 ns, 3.5967 ns/op
OverheadActual   8: 1024 op, 3556.00 ns, 3.4727 ns/op
OverheadActual   9: 1024 op, 3495.00 ns, 3.4131 ns/op
OverheadActual  10: 1024 op, 3562.00 ns, 3.4785 ns/op
OverheadActual  11: 1024 op, 3688.00 ns, 3.6016 ns/op
OverheadActual  12: 1024 op, 3704.00 ns, 3.6172 ns/op
OverheadActual  13: 1024 op, 3652.00 ns, 3.5664 ns/op
OverheadActual  14: 1024 op, 3577.00 ns, 3.4932 ns/op
OverheadActual  15: 1024 op, 3543.00 ns, 3.4600 ns/op

WorkloadWarmup   1: 1024 op, 1063699173.00 ns, 1.0388 ms/op
WorkloadWarmup   2: 1024 op, 1003272279.00 ns, 979.7581 us/op
WorkloadWarmup   3: 1024 op, 996340516.00 ns, 972.9888 us/op
WorkloadWarmup   4: 1024 op, 981625544.00 ns, 958.6187 us/op
WorkloadWarmup   5: 1024 op, 996137566.00 ns, 972.7906 us/op
WorkloadWarmup   6: 1024 op, 979993148.00 ns, 957.0246 us/op
WorkloadWarmup   7: 1024 op, 992228547.00 ns, 968.9732 us/op
WorkloadWarmup   8: 1024 op, 984823038.00 ns, 961.7412 us/op

// BeforeActualRun
WorkloadActual   1: 1024 op, 984871434.00 ns, 961.7885 us/op
WorkloadActual   2: 1024 op, 1024134640.00 ns, 1.0001 ms/op
WorkloadActual   3: 1024 op, 996341384.00 ns, 972.9896 us/op
WorkloadActual   4: 1024 op, 1002625057.00 ns, 979.1260 us/op
WorkloadActual   5: 1024 op, 1003653088.00 ns, 980.1300 us/op
WorkloadActual   6: 1024 op, 1155082807.00 ns, 1.1280 ms/op
WorkloadActual   7: 1024 op, 1013740179.00 ns, 989.9806 us/op
WorkloadActual   8: 1024 op, 980557130.00 ns, 957.5753 us/op
WorkloadActual   9: 1024 op, 988270585.00 ns, 965.1080 us/op
WorkloadActual  10: 1024 op, 966097067.00 ns, 943.4542 us/op
WorkloadActual  11: 1024 op, 1044850441.00 ns, 1.0204 ms/op
WorkloadActual  12: 1024 op, 1206895010.00 ns, 1.1786 ms/op
WorkloadActual  13: 1024 op, 987389991.00 ns, 964.2480 us/op
WorkloadActual  14: 1024 op, 1062152692.00 ns, 1.0373 ms/op
WorkloadActual  15: 1024 op, 989059101.00 ns, 965.8780 us/op
WorkloadActual  16: 1024 op, 1051154406.00 ns, 1.0265 ms/op
WorkloadActual  17: 1024 op, 1049966371.00 ns, 1.0254 ms/op
WorkloadActual  18: 1024 op, 992460454.00 ns, 969.1997 us/op
WorkloadActual  19: 1024 op, 979089877.00 ns, 956.1425 us/op
WorkloadActual  20: 1024 op, 1021537356.00 ns, 997.5951 us/op
WorkloadActual  21: 1024 op, 978167134.00 ns, 955.2413 us/op
WorkloadActual  22: 1024 op, 1008489304.00 ns, 984.8528 us/op
WorkloadActual  23: 1024 op, 1058512445.00 ns, 1.0337 ms/op
WorkloadActual  24: 1024 op, 1017688691.00 ns, 993.8366 us/op
WorkloadActual  25: 1024 op, 976537534.00 ns, 953.6499 us/op
WorkloadActual  26: 1024 op, 1046527808.00 ns, 1.0220 ms/op
WorkloadActual  27: 1024 op, 1047633006.00 ns, 1.0231 ms/op
WorkloadActual  28: 1024 op, 1029136994.00 ns, 1.0050 ms/op
WorkloadActual  29: 1024 op, 966986396.00 ns, 944.3227 us/op
WorkloadActual  30: 1024 op, 1032404856.00 ns, 1.0082 ms/op
WorkloadActual  31: 1024 op, 982368291.00 ns, 959.3440 us/op
WorkloadActual  32: 1024 op, 964058582.00 ns, 941.4635 us/op
WorkloadActual  33: 1024 op, 1009117737.00 ns, 985.4665 us/op

// AfterActualRun
WorkloadResult   1: 1024 op, 984867782.00 ns, 961.7849 us/op
WorkloadResult   2: 1024 op, 1024130988.00 ns, 1.0001 ms/op
WorkloadResult   3: 1024 op, 996337732.00 ns, 972.9861 us/op
WorkloadResult   4: 1024 op, 1002621405.00 ns, 979.1225 us/op
WorkloadResult   5: 1024 op, 1003649436.00 ns, 980.1264 us/op
WorkloadResult   6: 1024 op, 1013736527.00 ns, 989.9771 us/op
WorkloadResult   7: 1024 op, 980553478.00 ns, 957.5718 us/op
WorkloadResult   8: 1024 op, 988266933.00 ns, 965.1044 us/op
WorkloadResult   9: 1024 op, 966093415.00 ns, 943.4506 us/op
WorkloadResult  10: 1024 op, 1044846789.00 ns, 1.0204 ms/op
WorkloadResult  11: 1024 op, 987386339.00 ns, 964.2445 us/op
WorkloadResult  12: 1024 op, 1062149040.00 ns, 1.0373 ms/op
WorkloadResult  13: 1024 op, 989055449.00 ns, 965.8745 us/op
WorkloadResult  14: 1024 op, 1051150754.00 ns, 1.0265 ms/op
WorkloadResult  15: 1024 op, 1049962719.00 ns, 1.0254 ms/op
WorkloadResult  16: 1024 op, 992456802.00 ns, 969.1961 us/op
WorkloadResult  17: 1024 op, 979086225.00 ns, 956.1389 us/op
WorkloadResult  18: 1024 op, 1021533704.00 ns, 997.5915 us/op
WorkloadResult  19: 1024 op, 978163482.00 ns, 955.2378 us/op
WorkloadResult  20: 1024 op, 1008485652.00 ns, 984.8493 us/op
WorkloadResult  21: 1024 op, 1058508793.00 ns, 1.0337 ms/op
WorkloadResult  22: 1024 op, 1017685039.00 ns, 993.8330 us/op
WorkloadResult  23: 1024 op, 976533882.00 ns, 953.6464 us/op
WorkloadResult  24: 1024 op, 1046524156.00 ns, 1.0220 ms/op
WorkloadResult  25: 1024 op, 1047629354.00 ns, 1.0231 ms/op
WorkloadResult  26: 1024 op, 1029133342.00 ns, 1.0050 ms/op
WorkloadResult  27: 1024 op, 966982744.00 ns, 944.3191 us/op
WorkloadResult  28: 1024 op, 1032401204.00 ns, 1.0082 ms/op
WorkloadResult  29: 1024 op, 982364639.00 ns, 959.3405 us/op
WorkloadResult  30: 1024 op, 964054930.00 ns, 941.4599 us/op
WorkloadResult  31: 1024 op, 1009114085.00 ns, 985.4630 us/op
// GC:  28 13 0 497393664 1024
// Threading:  0 0 1024

// AfterAll
// Benchmark Process 26521 has exited with code 0.

Mean = 984.610 μs, StdErr = 5.238 μs (0.53%), N = 31, StdDev = 29.167 μs
Min = 941.460 μs, Q1 = 960.563 μs, Median = 980.126 μs, Q3 = 1,006.609 μs, Max = 1,037.255 μs
IQR = 46.046 μs, LowerFence = 891.494 μs, UpperFence = 1,075.678 μs
ConfidenceInterval = [965.511 μs; 1,003.710 μs] (CI 99.9%), Margin = 19.099 μs (1.94% of Mean)
Skewness = 0.29, Kurtosis = 1.73, MValue = 2.18

// ** Remained 1 (16.7 %) benchmark(s) to run. Estimated finish 2026-09-24 21:30 (0h 0m from now) **
// **************************
// Benchmark: SparqlBenchmarks.'dotNetRDF — large update': DefaultJob
// *** Execute ***
// Launch: 1 / 1
// Execute: dotnet Varve.Benchmarks-DefaultJob-1.dll --anonymousPipes 132 133 --benchmarkName Varve.Benchmarks.SparqlBenchmarks.DotNetRdf_LargeUpdate --job Default --benchmarkId 5 in /home/user/Varve/tests/Varve.Benchmarks/bin/Release/net10.0/Varve.Benchmarks-DefaultJob-1/bin/Release/net10.0
// BeforeAnythingElse

// Benchmark Process Environment Information:
// BenchmarkDotNet v0.15.8
// Runtime=.NET 10.0.12 (10.0.12, 10.0.1226.42308), X64 RyuJIT x86-64-v4
// GC=Concurrent Workstation
// HardwareIntrinsics=AVX512 F+BW+CD+DQ+VL,AVX2+BMI1+BMI2+F16C+FMA+LZCNT+MOVBE,AVX,SSE3+SSSE3+SSE4.1+SSE4.2+POPCNT,X86Base+SSE+SSE2,AES+PCLMUL VectorSize=256
// Job: DefaultJob

OverheadJitting  1: 1 op, 255573.00 ns, 255.5730 us/op
WorkloadJitting  1: 1 op, 20494041.00 ns, 20.4940 ms/op

OverheadJitting  2: 16 op, 522322.00 ns, 32.6451 us/op
WorkloadJitting  2: 16 op, 294489116.00 ns, 18.4056 ms/op

WorkloadPilot    1: 16 op, 390014931.00 ns, 24.3759 ms/op
WorkloadPilot    2: 32 op, 430366939.00 ns, 13.4490 ms/op
WorkloadPilot    3: 64 op, 391400574.00 ns, 6.1156 ms/op
WorkloadPilot    4: 128 op, 594032387.00 ns, 4.6409 ms/op

OverheadWarmup   1: 128 op, 4378.00 ns, 34.2031 ns/op
OverheadWarmup   2: 128 op, 1808.00 ns, 14.1250 ns/op
OverheadWarmup   3: 128 op, 1346.00 ns, 10.5156 ns/op
OverheadWarmup   4: 128 op, 1363.00 ns, 10.6484 ns/op
OverheadWarmup   5: 128 op, 1523.00 ns, 11.8984 ns/op
OverheadWarmup   6: 128 op, 1165.00 ns, 9.1016 ns/op
OverheadWarmup   7: 128 op, 1224.00 ns, 9.5625 ns/op
OverheadWarmup   8: 128 op, 1194.00 ns, 9.3281 ns/op

OverheadActual   1: 128 op, 1372.00 ns, 10.7188 ns/op
OverheadActual   2: 128 op, 1560.00 ns, 12.1875 ns/op
OverheadActual   3: 128 op, 1544.00 ns, 12.0625 ns/op
OverheadActual   4: 128 op, 1419.00 ns, 11.0859 ns/op
OverheadActual   5: 128 op, 1369.00 ns, 10.6953 ns/op
OverheadActual   6: 128 op, 1273.00 ns, 9.9453 ns/op
OverheadActual   7: 128 op, 1693.00 ns, 13.2266 ns/op
OverheadActual   8: 128 op, 1269.00 ns, 9.9141 ns/op
OverheadActual   9: 128 op, 1257.00 ns, 9.8203 ns/op
OverheadActual  10: 128 op, 1289.00 ns, 10.0703 ns/op
OverheadActual  11: 128 op, 1283.00 ns, 10.0234 ns/op
OverheadActual  12: 128 op, 1124.00 ns, 8.7813 ns/op
OverheadActual  13: 128 op, 1236.00 ns, 9.6563 ns/op
OverheadActual  14: 128 op, 1108.00 ns, 8.6563 ns/op
OverheadActual  15: 128 op, 1068.00 ns, 8.3438 ns/op
OverheadActual  16: 128 op, 1427.00 ns, 11.1484 ns/op
OverheadActual  17: 128 op, 1096.00 ns, 8.5625 ns/op
OverheadActual  18: 128 op, 1219.00 ns, 9.5234 ns/op
OverheadActual  19: 128 op, 1107.00 ns, 8.6484 ns/op
OverheadActual  20: 128 op, 1522.00 ns, 11.8906 ns/op

WorkloadWarmup   1: 128 op, 567208808.00 ns, 4.4313 ms/op
WorkloadWarmup   2: 128 op, 582906534.00 ns, 4.5540 ms/op
WorkloadWarmup   3: 128 op, 570186944.00 ns, 4.4546 ms/op
WorkloadWarmup   4: 128 op, 559192181.00 ns, 4.3687 ms/op
WorkloadWarmup   5: 128 op, 553559443.00 ns, 4.3247 ms/op
WorkloadWarmup   6: 128 op, 561129901.00 ns, 4.3838 ms/op
WorkloadWarmup   7: 128 op, 640500299.00 ns, 5.0039 ms/op
WorkloadWarmup   8: 128 op, 589377967.00 ns, 4.6045 ms/op

// BeforeActualRun
WorkloadActual   1: 128 op, 571263137.00 ns, 4.4630 ms/op
WorkloadActual   2: 128 op, 564064564.00 ns, 4.4068 ms/op
WorkloadActual   3: 128 op, 563998091.00 ns, 4.4062 ms/op
WorkloadActual   4: 128 op, 575413236.00 ns, 4.4954 ms/op
WorkloadActual   5: 128 op, 579044113.00 ns, 4.5238 ms/op
WorkloadActual   6: 128 op, 566076865.00 ns, 4.4225 ms/op
WorkloadActual   7: 128 op, 615910906.00 ns, 4.8118 ms/op
WorkloadActual   8: 128 op, 567757667.00 ns, 4.4356 ms/op
WorkloadActual   9: 128 op, 572728407.00 ns, 4.4744 ms/op
WorkloadActual  10: 128 op, 560151821.00 ns, 4.3762 ms/op
WorkloadActual  11: 128 op, 577092579.00 ns, 4.5085 ms/op
WorkloadActual  12: 128 op, 559198324.00 ns, 4.3687 ms/op
WorkloadActual  13: 128 op, 557958799.00 ns, 4.3591 ms/op
WorkloadActual  14: 128 op, 556750860.00 ns, 4.3496 ms/op
WorkloadActual  15: 128 op, 585870691.00 ns, 4.5771 ms/op

// AfterActualRun
WorkloadResult   1: 128 op, 571261859.00 ns, 4.4630 ms/op
WorkloadResult   2: 128 op, 564063286.00 ns, 4.4067 ms/op
WorkloadResult   3: 128 op, 563996813.00 ns, 4.4062 ms/op
WorkloadResult   4: 128 op, 575411958.00 ns, 4.4954 ms/op
WorkloadResult   5: 128 op, 579042835.00 ns, 4.5238 ms/op
WorkloadResult   6: 128 op, 566075587.00 ns, 4.4225 ms/op
WorkloadResult   7: 128 op, 567756389.00 ns, 4.4356 ms/op
WorkloadResult   8: 128 op, 572727129.00 ns, 4.4744 ms/op
WorkloadResult   9: 128 op, 560150543.00 ns, 4.3762 ms/op
WorkloadResult  10: 128 op, 577091301.00 ns, 4.5085 ms/op
WorkloadResult  11: 128 op, 559197046.00 ns, 4.3687 ms/op
WorkloadResult  12: 128 op, 557957521.00 ns, 4.3590 ms/op
WorkloadResult  13: 128 op, 556749582.00 ns, 4.3496 ms/op
WorkloadResult  14: 128 op, 585869413.00 ns, 4.5771 ms/op
// GC:  18 8 0 320031120 128
// Threading:  0 0 128

// AfterAll
// Benchmark Process 26627 has exited with code 0.

Mean = 4.440 ms, StdErr = 0.018 ms (0.41%), N = 14, StdDev = 0.069 ms
Min = 4.350 ms, Q1 = 4.384 ms, Median = 4.429 ms, Q3 = 4.490 ms, Max = 4.577 ms
IQR = 0.106 ms, LowerFence = 4.224 ms, UpperFence = 4.650 ms
ConfidenceInterval = [4.363 ms; 4.518 ms] (CI 99.9%), Margin = 0.078 ms (1.75% of Mean)
Skewness = 0.36, Kurtosis = 1.86, MValue = 2

// ** Remained 0 (0.0 %) benchmark(s) to run. Estimated finish 2026-09-24 21:30 (0h 0m from now) **
// ***** BenchmarkRunner: Finish  *****

// * Export *
  BenchmarkDotNet.Artifacts/results/Varve.Benchmarks.SparqlBenchmarks-report.csv
  BenchmarkDotNet.Artifacts/results/Varve.Benchmarks.SparqlBenchmarks-report-github.md
  BenchmarkDotNet.Artifacts/results/Varve.Benchmarks.SparqlBenchmarks-report.html

// * Detailed results *
SparqlBenchmarks.'Varve — 1.0 and 1.1 corpus': DefaultJob
Runtime = .NET 10.0.12 (10.0.12, 10.0.1226.42308), X64 RyuJIT x86-64-v4; GC = Concurrent Workstation
Mean = 761.138 μs, StdErr = 4.183 μs (0.55%), N = 38, StdDev = 25.785 μs
Min = 727.294 μs, Q1 = 740.193 μs, Median = 753.808 μs, Q3 = 777.279 μs, Max = 819.380 μs
IQR = 37.086 μs, LowerFence = 684.565 μs, UpperFence = 832.907 μs
ConfidenceInterval = [746.190 μs; 776.086 μs] (CI 99.9%), Margin = 14.948 μs (1.96% of Mean)
Skewness = 0.58, Kurtosis = 2.2, MValue = 2
-------------------- Histogram --------------------
[717.228 μs ; 735.297 μs) | @@@@@@
[735.297 μs ; 755.430 μs) | @@@@@@@@@@@@@@@
[755.430 μs ; 785.280 μs) | @@@@@@@@@@
[785.280 μs ; 829.446 μs) | @@@@@@@
---------------------------------------------------

SparqlBenchmarks.'dotNetRDF — 1.0 and 1.1 corpus': DefaultJob
Runtime = .NET 10.0.12 (10.0.12, 10.0.1226.42308), X64 RyuJIT x86-64-v4; GC = Concurrent Workstation
Mean = 6.065 ms, StdErr = 0.028 ms (0.46%), N = 17, StdDev = 0.115 ms
Min = 5.859 ms, Q1 = 6.030 ms, Median = 6.056 ms, Q3 = 6.132 ms, Max = 6.266 ms
IQR = 0.102 ms, LowerFence = 5.876 ms, UpperFence = 6.286 ms
ConfidenceInterval = [5.953 ms; 6.177 ms] (CI 99.9%), Margin = 0.112 ms (1.85% of Mean)
Skewness = -0.13, Kurtosis = 2.13, MValue = 2
-------------------- Histogram --------------------
[5.850 ms ; 6.021 ms) | @@@@
[6.021 ms ; 6.302 ms) | @@@@@@@@@@@@@
---------------------------------------------------

SparqlBenchmarks.'Varve — 1.0 and 1.1 corpus, parse and write back': DefaultJob
Runtime = .NET 10.0.12 (10.0.12, 10.0.1226.42308), X64 RyuJIT x86-64-v4; GC = Concurrent Workstation
Mean = 866.309 μs, StdErr = 4.720 μs (0.54%), N = 36, StdDev = 28.322 μs
Min = 823.328 μs, Q1 = 847.711 μs, Median = 864.199 μs, Q3 = 882.786 μs, Max = 940.336 μs
IQR = 35.075 μs, LowerFence = 795.098 μs, UpperFence = 935.399 μs
ConfidenceInterval = [849.357 μs; 883.261 μs] (CI 99.9%), Margin = 16.952 μs (1.96% of Mean)
Skewness = 0.6, Kurtosis = 2.89, MValue = 2
-------------------- Histogram --------------------
[822.753 μs ; 845.269 μs) | @@@@@@@@@
[845.269 μs ; 875.694 μs) | @@@@@@@@@@@@@@@@@
[875.694 μs ; 902.058 μs) | @@@@@@@
[902.058 μs ; 923.697 μs) | @
[923.697 μs ; 946.213 μs) | @@
---------------------------------------------------

SparqlBenchmarks.'Varve — 1.2 corpus': DefaultJob
Runtime = .NET 10.0.12 (10.0.12, 10.0.1226.42308), X64 RyuJIT x86-64-v4; GC = Concurrent Workstation
Mean = 577.503 μs, StdErr = 2.886 μs (0.50%), N = 27, StdDev = 14.995 μs
Min = 556.317 μs, Q1 = 565.634 μs, Median = 574.830 μs, Q3 = 588.598 μs, Max = 615.903 μs
IQR = 22.964 μs, LowerFence = 531.188 μs, UpperFence = 623.044 μs
ConfidenceInterval = [566.807 μs; 588.199 μs] (CI 99.9%), Margin = 10.696 μs (1.85% of Mean)
Skewness = 0.8, Kurtosis = 2.62, MValue = 2
-------------------- Histogram --------------------
[549.757 μs ; 563.053 μs) | @@
[563.053 μs ; 576.174 μs) | @@@@@@@@@@@@@@@
[576.174 μs ; 600.676 μs) | @@@@@@@@@
[600.676 μs ; 622.463 μs) | @
---------------------------------------------------

SparqlBenchmarks.'Varve — large update': DefaultJob
Runtime = .NET 10.0.12 (10.0.12, 10.0.1226.42308), X64 RyuJIT x86-64-v4; GC = Concurrent Workstation
Mean = 984.610 μs, StdErr = 5.238 μs (0.53%), N = 31, StdDev = 29.167 μs
Min = 941.460 μs, Q1 = 960.563 μs, Median = 980.126 μs, Q3 = 1,006.609 μs, Max = 1,037.255 μs
IQR = 46.046 μs, LowerFence = 891.494 μs, UpperFence = 1,075.678 μs
ConfidenceInterval = [965.511 μs; 1,003.710 μs] (CI 99.9%), Margin = 19.099 μs (1.94% of Mean)
Skewness = 0.29, Kurtosis = 1.73, MValue = 2.18
-------------------- Histogram --------------------
[  929.274 μs ;   951.130 μs) | @@@
[  951.130 μs ;   975.502 μs) | @@@@@@@@@@@
[  975.502 μs ; 1,001.811 μs) | @@@@@@@@
[1,001.811 μs ; 1,040.993 μs) | @@@@@@@@@
---------------------------------------------------

SparqlBenchmarks.'dotNetRDF — large update': DefaultJob
Runtime = .NET 10.0.12 (10.0.12, 10.0.1226.42308), X64 RyuJIT x86-64-v4; GC = Concurrent Workstation
Mean = 4.440 ms, StdErr = 0.018 ms (0.41%), N = 14, StdDev = 0.069 ms
Min = 4.350 ms, Q1 = 4.384 ms, Median = 4.429 ms, Q3 = 4.490 ms, Max = 4.577 ms
IQR = 0.106 ms, LowerFence = 4.224 ms, UpperFence = 4.650 ms
ConfidenceInterval = [4.363 ms; 4.518 ms] (CI 99.9%), Margin = 0.078 ms (1.75% of Mean)
Skewness = 0.36, Kurtosis = 1.86, MValue = 2
-------------------- Histogram --------------------
[4.342 ms ; 4.448 ms) | @@@@@@@@
[4.448 ms ; 4.615 ms) | @@@@@@
---------------------------------------------------

// * Summary *

BenchmarkDotNet v0.15.8, Linux Ubuntu 24.04.4 LTS (Noble Numbat)
Intel Xeon Processor 2.80GHz, 1 CPU, 4 logical and 4 physical cores
.NET SDK 10.0.401
  [Host]     : .NET 10.0.12 (10.0.12, 10.0.1226.42308), X64 RyuJIT x86-64-v4
  DefaultJob : .NET 10.0.12 (10.0.12, 10.0.1226.42308), X64 RyuJIT x86-64-v4


| Method                                             | Mean       | Error     | StdDev    | Ratio | RatioSD | Gen0     | Gen1    | Allocated  | Alloc Ratio |
|--------------------------------------------------- |-----------:|----------:|----------:|------:|--------:|---------:|--------:|-----------:|------------:|
| 'Varve — 1.0 and 1.1 corpus'                       |   761.1 μs |  14.95 μs |  25.79 μs |  1.00 |    0.05 |  17.5781 |       - |  303.73 KB |        1.00 |
| 'dotNetRDF — 1.0 and 1.1 corpus'                   | 6,064.9 μs | 112.03 μs | 115.04 μs |  7.98 |    0.30 | 218.7500 |       - | 4065.59 KB |       13.39 |
| 'Varve — 1.0 and 1.1 corpus, parse and write back' |   866.3 μs |  16.95 μs |  28.32 μs |  1.14 |    0.05 |  17.5781 |       - |  303.74 KB |        1.00 |
| 'Varve — 1.2 corpus'                               |   577.5 μs |  10.70 μs |  14.99 μs |  0.76 |    0.03 |  18.5547 |       - |  323.59 KB |        1.07 |
| 'Varve — large update'                             |   984.6 μs |  19.10 μs |  29.17 μs |  1.30 |    0.06 |  27.3438 | 12.6953 |  474.35 KB |        1.56 |
| 'dotNetRDF — large update'                         | 4,440.5 μs |  77.74 μs |  68.92 μs |  5.84 |    0.21 | 140.6250 | 62.5000 | 2441.64 KB |        8.04 |

// * Hints *
Outliers
  SparqlBenchmarks.'dotNetRDF — 1.0 and 1.1 corpus': Default                   -> 2 outliers were removed (6.45 ms, 6.65 ms)
  SparqlBenchmarks.'Varve — 1.0 and 1.1 corpus, parse and write back': Default -> 1 outlier  was  removed (959.38 μs)
  SparqlBenchmarks.'Varve — 1.2 corpus': Default                               -> 2 outliers were removed (629.88 μs, 630.13 μs)
  SparqlBenchmarks.'Varve — large update': Default                             -> 2 outliers were removed (1.13 ms, 1.18 ms)
  SparqlBenchmarks.'dotNetRDF — large update': Default                         -> 1 outlier  was  removed (4.81 ms)

// * Legends *
  Mean        : Arithmetic mean of all measurements
  Error       : Half of 99.9% confidence interval
  StdDev      : Standard deviation of all measurements
  Ratio       : Mean of the ratio distribution ([Current]/[Baseline])
  RatioSD     : Standard deviation of the ratio distribution ([Current]/[Baseline])
  Gen0        : GC Generation 0 collects per 1000 operations
  Gen1        : GC Generation 1 collects per 1000 operations
  Allocated   : Allocated memory per single operation (managed only, inclusive, 1KB = 1024B)
  Alloc Ratio : Allocated memory ratio distribution ([Current]/[Baseline])
  1 μs        : 1 Microsecond (0.000001 sec)

// * Diagnostic Output - MemoryDiagnoser *


// ***** BenchmarkRunner: End *****
Run time: 00:03:02 (182.12 sec), executed benchmarks: 6

Global total time: 00:03:42 (222.54 sec), executed benchmarks: 6
// * Artifacts cleanup *
Artifacts cleanup is finished
